// Jest Snapshot v1, https://goo.gl/fbAQLP

exports[`QTable.vue QTable should match snapshot 1`] = `
<div
  class="q-table"
>
  <!---->
   
  <!---->
   
  <div
    class="q-table__loading-wrapper"
  >
    <q-scrollbar-stub
      theme="secondary"
      viewclass=""
      viewtag="div"
      wrapclass="q-table__scroll-wrapper"
    >
      <div
        class="q-table__wrapper"
        style="transition: all 0.2s;"
      >
        <!---->
         
        <!---->
         
        <table
          cellpadding="0"
          cellspacing="0"
          class="q-table__table"
        >
          <thead>
            <tr>
              <!---->
               
              <th
                class="q-table__header-cell  "
              >
                <div
                  class="q-table__header-cell-wrapper"
                >
                  <!---->
                   
                  <div
                    class="q-table__header-cell-content"
                  >
                    <!---->
                     
                      Column 1
                     
                    <!---->
                  </div>
                </div>
              </th>
            </tr>
          </thead>
           
          <tbody>
            <!---->
             
            <row-hoc-stub
              checked-rows=""
              checkedrows=""
              children-key="children"
              childrenkey="children"
              class=""
              columns="[object Object]"
              fixed-column=""
              fixed-column-width="200"
              fixedcolumn=""
              fixedcolumnwidth="200"
              indent-size="16"
              indentsize="16"
              row="[object Object]"
              row-index="0"
              rowindex="0"
            />
          </tbody>
        </table>
      </div>
    </q-scrollbar-stub>
  </div>
</div>
`;
